Script started on 2021-10-13 23:18:44-0400
]0;cheng3@hopper: ~cheng3@hopper:~$ mkdir CSCI210h[KH7[K[K[K[K[K[K[K[K[K[KH[K H7
]0;cheng3@hopper: ~cheng3@hopper:~$ ls -[K[K[K[Kcd H7
]0;cheng3@hopper: ~/H7cheng3@hopper:~/H7$ git init
Initialized empty Git repository in /home/acc.cheng3/H7/.git/
]0;cheng3@hopper: ~/H7cheng3@hopper:~/H7$ gi[K[Kvi HelloWorld.cc
[?2004h[?1049h[22;0;0t[?1h=[?2004h[1;24r[?12h[?12l[27m[23m[29m[m[H[2J[?25l[24;1H"HelloWorld.cc" [New File][2;1H▽[6n[2;1H  [1;1H[>c]10;?]11;?[2;1H[1m[34m~                                                                               [3;1H~                                                                               [4;1H~                                                                               [5;1H~                                                                               [6;1H~                                                                               [7;1H~                                                                               [8;1H~                                                                               [9;1H~                                                                               [10;1H~                                                                               [11;1H~                                                                               [12;1H~                                                                               [13;1H~                                                                               [14;1H~                                                                               [15;1H~                                                                               [16;1H~                                                                               [17;1H~                                                                               [18;1H~                                                                               [19;1H~                                                                               [20;1H~                                                                               [21;1H~                                                                               [22;1H~                                                                               [23;1H~                                                                               [m[24;63H0,0-1[9CAll[1;1H[?25h[?25l[24;53Hi[1;1H[24;53H [1;1H[24;1H[1m-- INSERT --[m[24;13H[K[24;63H0,1[11CAll[1;1H[?25h[?25l#[24;63H1,2[1;2H[?25h[?25li[24;65H3[1;3H[?25h[?25ln[24;65H4[1;4H[?25h[?25lc[24;65H5[1;5H[?25h[?25ll[24;65H6[1;6H[?25h[?25lu[24;65H7[1;7H[?25h[?25le[24;65H8[1;8H[?25h[?25l[1;7H[K[24;65H7[1;7H[?25h[?25ld[24;65H8[1;8H[?25h[?25le[24;65H9[1;9H[?25h[?25l[24;65H10[1;10H[?25h[?25l[35m#include <[m[24;66H1[1;11H[?25h[?25l<[24;66H2[1;12H[?25h[?25l[1;11H[K[24;66H1[1;11H[?25h[?25li[24;66H2[1;12H[?25h[?25lo[24;66H3[1;13H[?25h[?25ls[24;66H4[1;14H[?25h[?25lt[24;66H5[1;15H[?25h[?25lr[24;66H6[1;16H[?25h[?25le[24;66H7[1;17H[?25h[?25la[24;66H8[1;18H[?25h[?25lm[24;66H9[1;19H[?25h[?25l[1;10H[31m<iostream>[m[24;65H20[1;20H[?25h[?25l[2;1H[K[24;63H2,1 [2;1H[?25h[?25l[3;1H[K[24;63H3[3;1H[?25h[?25lu[24;65H2[3;2H[?25h[?25lsin[24;65H5[3;5H[?25h[?25l[33musing[m[24;65H6[3;6H[?25h[?25l[24;65H7[3;7H[?25h[?25ln[24;65H8[3;8H[?25h[?25la[24;65H9[3;9H[?25h[?25lm[24;65H10[3;10H[?25h[?25le[24;66H1[3;11H[?25h[?25ls[24;66H2[3;12H[?25h[?25lp[24;66H3[3;13H[?25h[?25la[24;66H4[3;14H[?25h[?25lc[24;66H5[3;15H[?25h[?25l[3;7H[32mnamespace[m[24;66H6[3;16H[?25h[?25l[24;66H7[3;17H[?25h[?25ls[24;66H8[3;18H[?25h[?25lt[24;66H9[3;19H[?25h[?25ld[24;65H20[3;20H[?25h[?25l;[24;66H1[3;21H[?25h[?25l[4;1H[K[24;63H4,1 [4;1H[?25h[?25l[5;1H[K[24;63H5[5;1H[?25h[?25l[6;1H[K[24;63H6[6;1H[?25h[?25li[24;65H2[6;2H[?25h[?25ln[24;65H3[6;3H[?25h[?25l[32mint[m[24;65H4[6;4H[?25h[?25l[24;65H5[6;5H[?25h[?25lm[24;65H6[6;6H[?25h[?25la[24;65H7[6;7H[?25h[?25li[24;65H8[6;8H[?25h[?25ln[24;65H9[6;9H[?25h[?25l([24;65H10[6;10H[?25h[?25l)[46m()[m[24;66H1[6;11H[?25h[?25l{()[24;66H2[6;12H[?25h[?25l
        [7;9H[K[24;63H7,2-9[7;9H[?25h[?25l
        [8;9H[K[24;63H8[8;9H[?25h[?25lc[24;65H3-10[8;10H[?25h[?25lo[24;65H4-11[8;11H[?25h[?25lu[24;65H5-12[8;12H[?25h[?25lt[24;65H6-13[8;13H[?25h[?25l[24;65H7-14[8;14H[?25h[?25l<[24;65H8-15[8;15H[?25h[?25l<[24;65H9-16[8;16H[?25h[?25l[24;65H10-17[8;17H[?25h[?25lH[24;66H1-18[8;18H[?25h[?25le[24;66H2-19[8;19H[?25h[?25ll[24;66H3-20[8;20H[?25h[?25ll[24;66H4-21[8;21H[?25h[?25l[8;20H[K[24;66H3-20[8;20H[?25h[?25l[8;19H[K[24;66H2-19[8;19H[?25h[?25l[8;18H[K[24;66H1-18[8;18H[?25h[?25l[31m"[?25h[?25lH[m[24;66H2-19[8;19H[?25h[?25l[31me[m[24;66H3-20[8;20H[?25h[?25l[31ml[m[24;66H4-21[8;21H[?25h[?25l[31mlo[m[24;66H6-23[8;23H[?25h[?25l[31m [m[24;66H7-24[8;24H[?25h[?25l[31mW[m[24;66H8-25[8;25H[?25h[?25l[31mo[m[24;66H9-26[8;26H[?25h[?25l[31ml[m[24;65H20-27[8;27H[?25h[?25l[31md[m[24;66H1-28[8;28H[?25h[?25l[8;27H[K[24;66H0-27[8;27H[?25h[?25l[31mr[?25h[?25ll[m[24;66H1-28[8;28H[?25h[?25l[31md[m[24;66H2-29[8;29H[?25h[?25l[31m"[m[24;66H3-30[8;30H[?25h[?25l[24;66H4-31[8;31H[?25h[?25l<[24;66H5-32[8;32H[?25h[?25l<[24;66H6-33[8;33H[?25h[?25l[24;66H7-34[8;34H[?25h[?25le[24;66H8-35[8;35H[?25h[?25ln[24;66H9-36[8;36H[?25h[?25ld[24;65H30-37[8;37H[?25h[?25ll[24;66H1-38[8;38H[?25h[?25l;[24;66H2-39[8;39H[?25h[?25l
        [9;9H[K[24;63H9,2-9  [9;9H[?25h[?25l
        [10;9H[K[24;63H10,2-9[10;9H[?25h[?25lr[24;66H3-10[10;10H[?25h[?25le[24;66H4-11[10;11H[?25h[?25lt[24;66H5-12[10;12H[?25h[?25lu[24;66H6-13[10;13H[?25h[?25lr[24;66H7-14[10;14H[?25h[?25l[33mreturn[m[24;66H8-15[10;15H[?25h[?25lreturn0[24;66H9-16[10;16H[?25h[?25l[24;66H10-17[10;17H[?25h[?25l[24;66H9-16 [10;16H[?25h[?25l[10;9H[33mreturn[m[10;15H[K[24;66H8-15[10;15H[?25h[?25l[24;66H9-16[10;16H[?25h[?25l[31m0[m[24;66H10-17[10;17H[?25h[?25l;[24;67H1-18[10;18H[?25h[?25l
        [11;9H[K[24;64H1,2-9  [11;9H[?25h[?25l[24;66H1  [11;1H[?25h[?25l}[6;11H[46m{[11;1H}[m[24;66H2[11;2H[?25h[24;1H[K[11;1H[?25l[24;53H^[[11;1H[24;53H  [11;2H[24;63H11,1[10CAll[11;1H[?25h[?25l[24;53H:[11;1H[24;53H[K[24;1H:[?2004h[?25hw[?25l[?25hq[?25l[?25h[?25l[?2004l"HelloWorld.cc" [New] 11L, 103C written
[?2004l[?1l>[?25h[?1049l[23;0;0t]0;cheng3@hopper: ~/H7cheng3@hopper:~/H7$ g++ HelloWorld.cc
]0;cheng3@hopper: ~/H7cheng3@hopper:~/H7$ ls -l
total 16
-rwxr-xr-x 1 cheng3 Domain Users 8928 Oct 13 23:20 [0m[01;32ma.out[0m
-rw-r--r-- 1 cheng3 Domain Users  103 Oct 13 23:20 HelloWorld.cc
]0;cheng3@hopper: ~/H7cheng3@hopper:~/H7$ a.out
Hello World
]0;cheng3@hopper: ~/H7cheng3@hopper:~/H7$ git [K[K[K[Kgit status
On branch master

No commits yet

Untracked files:
  (use "git add <file>..." to include in what will be committed)

	[31mHelloWorld.cc[m
	[31ma.out[m

nothing added to commit but untracked files present (use "git add" to track)
]0;cheng3@hopper: ~/H7cheng3@hopper:~/H7$ git add HelloWorld.cc
]0;cheng3@hopper: ~/H7cheng3@hopper:~/H7$ git commit -m "Create HelloWorld [K.cc"
[master (root-commit) e364843] Create HelloWorld.cc
 1 file changed, 11 insertions(+)
 create mode 100644 HelloWorld.cc
]0;cheng3@hopper: ~/H7cheng3@hopper:~/H7$ git branch personalize
]0;cheng3@hopper: ~/H7cheng3@hopper:~/H7$ git branch
[?1h=* [32mmaster[m[m
  personalize[m[m
[K[?1l>]0;cheng3@hopper: ~/H7cheng3@hopper:~/H7$ git checkout personlaiz[K[K[K[Kalize
Switched to branch 'personalize'
]0;cheng3@hopper: ~/H7cheng3@hopper:~/H7$ vi Makefile
[?2004h[?1049h[22;0;0t[?1h=[?2004h[1;24r[?12h[?12l[27m[23m[29m[m[H[2J[?25l[24;1H"Makefile" [New File][2;1H▽[6n[2;1H  [1;1H[>c]10;?]11;?[2;1H[1m[34m~                                                                               [3;1H~                                                                               [4;1H~                                                                               [5;1H~                                                                               [6;1H~                                                                               [7;1H~                                                                               [8;1H~                                                                               [9;1H~                                                                               [10;1H~                                                                               [11;1H~                                                                               [12;1H~                                                                               [13;1H~                                                                               [14;1H~                                                                               [15;1H~                                                                               [16;1H~                                                                               [17;1H~                                                                               [18;1H~                                                                               [19;1H~                                                                               [20;1H~                                                                               [21;1H~                                                                               [22;1H~                                                                               [23;1H~                                                                               [m[24;63H0,0-1[9CAll[1;1H[?25h[?25l[24;53Hi[1;1H[24;53H [1;1H[24;1H[1m-- INSERT --[m[24;13H[K[24;63H0,1[11CAll[1;1H[?25h[?25la[24;63H1,2[1;2H[?25h[?25ll[24;65H3[1;3H[?25h[?25ll[24;65H4[1;4H[?25h[?25l[36mall:[m[24;65H5[1;5H[?25h[?25l[36m [m[24;65H6[1;6H[?25h[?25l m[24;65H7[1;7H[?25h[?25la[24;65H8[1;8H[?25h[?25li[24;65H9[1;9H[?25h[?25ln[24;65H10[1;10H[?25h[?25l
[31m        [m[2;9H[K[24;63H2,2-9[2;9H[?25h[?25l[2;1H[K[3;1H[K[24;63H3,1  [3;1H[?25h[?25lm[24;65H2[3;2H[?25h[?25la[24;65H3[3;3H[?25h[?25li[24;65H4[3;4H[?25h[?25ln[24;65H5[3;5H[?25h[?25l[36mmain: [m[24;65H7[3;7H[?25h[?25l H[24;65H8[3;8H[?25h[?25le[24;65H9[3;9H[?25h[?25ll[24;65H10[3;10H[?25h[?25ll[24;66H1[3;11H[?25h[?25lo[24;66H2[3;12H[?25h[?25lW[24;66H3[3;13H[?25h[?25lo[24;66H4[3;14H[?25h[?25lr[24;66H5[3;15H[?25h[?25ll[24;66H6[3;16H[?25h[?25ld[24;66H7[3;17H[?25h[?25l.[24;66H8[3;18H[?25h[?25lc[24;66H9[3;19H[?25h[?25lc[24;65H20[3;20H[?25h[?25l
[31m        [m[4;9H[K[24;63H4,2-9[4;9H[?25h[?25l[31mg[m[24;65H3-10[4;10H[?25h[?25l[31m+[m[24;65H4-11[4;11H[?25h[?25l[31m+[m[24;65H5-12[4;12H[?25h[?25l[31m [m[24;65H6-13[4;13H[?25h[?25l[31mH[m[24;65H7-14[4;14H[?25h[?25l[31me[m[24;65H8-15[4;15H[?25h[?25l[31ml[m[24;65H9-16[4;16H[?25h[?25l[31ml[m[24;65H10-17[4;17H[?25h[?25l[31mo[m[24;66H1-18[4;18H[?25h[?25l[31mw[m[24;66H2-19[4;19H[?25h[?25l[31mW[m[24;66H3-20[4;20H[?25h[?25l[31mo[m[24;66H4-21[4;21H[?25h[?25l[31mr[m[24;66H5-22[4;22H[?25h[?25l[31ml[m[24;66H6-23[4;23H[?25h[?25l[31md[m[24;66H7-24[4;24H[?25h[?25l[4;23H[K[24;66H6-23[4;23H[?25h[?25l[4;22H[K[24;66H5-22[4;22H[?25h[?25l[4;21H[K[24;66H4-21[4;21H[?25h[?25l[4;20H[K[24;66H3-20[4;20H[?25h[?25l[4;19H[K[24;66H2-19[4;19H[?25h[?25l[4;18H[K[24;66H1-18[4;18H[?25h[?25l[31mW[m[24;66H2-19[4;19H[?25h[?25l[31mo[m[24;66H3-20[4;20H[?25h[?25l[31mr[m[24;66H4-21[4;21H[?25h[?25l[31ml[m[24;66H5-22[4;22H[?25h[?25l[31md[m[24;66H6-23[4;23H[?25h[?25l[31m.[m[24;66H7-24[4;24H[?25h[?25l[31mc[m[24;66H8-25[4;25H[?25h[?25l[31mc[m[24;66H9-26[4;26H[?25h[?25l[31m [m[24;65H20-27[4;27H[?25h[?25l[31m-[m[24;66H1-28[4;28H[?25h[?25l[31mo[m[24;66H2-29[4;29H[?25h[?25l[31m [m[24;66H3-30[4;30H[?25h[?25l[31mH[m[24;66H4-31[4;31H[?25h[?25l[31me[m[24;66H5-32[4;32H[?25h[?25l[31mllo[m[24;66H8-35[4;35H[?25h[?25l
[31m        [m[5;9H[K[24;63H5,2-9  [5;9H[?25h[?25l[5;1H[K[24;65H1  [5;1H[?25h[24;1H[K[5;1H[?25l[24;53H^[[5;1H[24;53H  [5;1H[24;63H5,0-1[9CAll[5;1H[?25h[?25l[24;53H:[5;1H[24;53H[K[24;1H:[?2004h[?25hw[?25l[?25hq[?25l[?25h[?25l[?2004l"Makefile" [New] 5L, 60C written
[?2004l[?1l>[?25h[?1049l[23;0;0t]0;cheng3@hopper: ~/H7cheng3@hopper:~/H7$ ls -l
total 20
-rwxr-xr-x 1 cheng3 Domain Users 8928 Oct 13 23:20 [0m[01;32ma.out[0m
-rw-r--r-- 1 cheng3 Domain Users  103 Oct 13 23:20 HelloWorld.cc
-rw-r--r-- 1 cheng3 Domain Users   60 Oct 13 23:24 Makefile
]0;cheng3@hopper: ~/H7cheng3@hopper:~/H7$ rm a.out[K[K[K[K[K[K[K[Kmake
g++ HelloWorld.cc -o Hello
]0;cheng3@hopper: ~/H7cheng3@hopper:~/H7$ ls -l
total 32
-rwxr-xr-x 1 cheng3 Domain Users 8928 Oct 13 23:20 [0m[01;32ma.out[0m
-rwxr-xr-x 1 cheng3 Domain Users 8928 Oct 13 23:25 [01;32mHello[0m
-rw-r--r-- 1 cheng3 Domain Users  103 Oct 13 23:20 HelloWorld.cc
-rw-r--r-- 1 cheng3 Domain Users   60 Oct 13 23:24 Makefile
]0;cheng3@hopper: ~/H7cheng3@hopper:~/H7$ Hello
Hello World
]0;cheng3@hopper: ~/H7cheng3@hopper:~/H7$ git status
On branch personalize
Untracked files:
  (use "git add <file>..." to include in what will be committed)

	[31mHello[m
	[31mMakefile[m
	[31ma.out[m

nothing added to commit but untracked files present (use "git add" to track)
]0;cheng3@hopper: ~/H7cheng3@hopper:~/H7$ git add Makefile
]0;cheng3@hopper: ~/H7cheng3@hopper:~/H7$ git status
On branch personalize
Changes to be committed:
  (use "git reset HEAD <file>..." to unstage)

	[32mnew file:   Makefile[m

Untracked files:
  (use "git add <file>..." to include in what will be committed)

	[31mHello[m
	[31ma.out[m

]0;cheng3@hopper: ~/H7cheng3@hopper:~/H7$ git commit -m "Ad [Kd a Makefile"
[personalize be64532] Add a Makefile
 1 file changed, 5 insertions(+)
 create mode 100644 Makefile
]0;cheng3@hopper: ~/H7cheng3@hopper:~/H7$ c[Kvi HellowWo[K[K[KWorld.cc
[?2004h[?1049h[22;0;0t[?1h=[?2004h[1;24r[?12h[?12l[27m[23m[29m[m[H[2J[?25l[24;1H"HelloWorld.cc" 11L, 103C[2;1H▽[6n[2;1H  [1;1H[>c]10;?]11;?[1;1H[35m#include [m[31m<iostream>[m

[33musing[m [32mnamespace[m std;


[32mint[m main()[46m{[m[8;9Hcout << [31m"Hello World"[m << endl;[10;9H[33mreturn[m [31m0[m;
[46m}[m
[1m[34m~                                                                               [13;1H~                                                                               [14;1H~                                                                               [15;1H~                                                                               [16;1H~                                                                               [17;1H~                                                                               [18;1H~                                                                               [19;1H~                                                                               [20;1H~                                                                               [21;1H~                                                                               [22;1H~                                                                               [23;1H~                                                                               [m[24;63H11,1[10CAll[11;1H[?25h[?25l[24;53Hi[11;1H[24;53H [11;1H[24;1H[1m-- INSERT --[m[24;13H[K[24;63H11,1[10CAll[11;1H[?25h[?25l[6;11H{[11;1H}[24;64H0[10;1H[?25h[?25l[24;63H9,1 [9;1H[?25h[?25l[24;63H8[8;1H[?25h[?25l[24;65H2-9[8;9H[?25h[?25l[24;65H3-10[8;10H[?25h[?25l[24;65H4-11[8;11H[?25h[?25l[24;65H5-12[8;12H[?25h[?25l[24;65H6-13[8;13H[?25h[17CO[?25l[24;53H^[[8;30H[24;55HO[8;30H[24;53H   [8;30H [24;65H31-38[8;38H[?25h[?25l[24;66H2-39[8;39H[?25h[?25l[9;23r[9;1H[L[1;24r[24;63H[K[24;63H9,2-9[9CAll[9;9H[?25h[?25l[10;23r[10;1H[L[1;24r[24;63H[K[24;63H10,2-9[8CAll[10;9H[?25h[?25lc[24;66H3-10[10;10H[?25h[?25lo[24;66H4-11[10;11H[?25h[?25lu[24;66H5-12[10;12H[?25h[?25lt[24;66H6-13[10;13H[?25h[?25l[24;66H7-14[10;14H[?25h[?25l<<[24;66H9-16[10;16H[?25h[?25l[24;66H10-17[10;17H[?25h[?25l:[24;67H1-18[10;18H[?25h[?25l[10;17H[K[24;67H0-17[10;17H[?25h[?25l[31m"[m[24;67H1-18[10;18H[?25h[?25l[31mG[m[24;67H2-19[10;19H[?25h[?25l[31me[m[24;67H3-20[10;20H[?25h[?25l[31mo[m[24;67H4-21[10;21H[?25h[?25l[31mr[m[24;67H5-22[10;22H[?25h[?25l[31me[m[24;67H6-23[10;23H[?25h[?25l[10;22H[K[24;67H5-22[10;22H[?25h[?25l[31mg[m[24;67H6-23[10;23H[?25h[?25l[31me[m[24;67H7-24[10;24H[?25h[?25l[31m [m[24;67H8-25[10;25H[?25h[?25l[31mC[m[24;67H9-26[10;26H[?25h[?25l[31mhe[m[24;66H21-28[10;28H[?25h[?25l[31mn[m[24;67H2-29[10;29H[?25h[?25l[31m"[m[24;67H3-30[10;30H[?25h[?25l[24;67H4-31[10;31H[?25h[?25l<[24;67H5-32[10;32H[?25h[?25l<[24;67H6-33[10;33H[?25h[?25l[24;67H7-34[10;34H[?25h[?25le[24;67H8-35[10;35H[?25h[?25lndl[24;66H31-38[10;38H[?25h[?25l;[24;67H2-39[10;39H[?25h[24;1H[K[10;38H[?25l[24;53H^[[10;38H[24;53H  [10;39H[24;63H10,31-38      All[10;38H[?25h[?25l[24;53H:[10;38H[24;53H[K[24;1H:[?2004h[?25hw[?25l[?25hq[?25l[?25h[?25l[?2004l"HelloWorld.cc" 13L, 136C written
[?2004l[?1l>[?25h[?1049l[23;0;0t]0;cheng3@hopper: ~/H7cheng3@hopper:~/H7$ git stau[Ktus
On branch personalize
Changes not staged for commit:
  (use "git add <file>..." to update what will be committed)
  (use "git checkout -- <file>..." to discard changes in working directory)

	[31mmodified:   HelloWorld.cc[m

Untracked files:
  (use "git add <file>..." to include in what will be committed)

	[31mHello[m
	[31ma.out[m

no changes added to commit (use "git add" and/or "git commit -a")
]0;cheng3@hopper: ~/H7cheng3@hopper:~/H7$ git add HelloWorld.cc
]0;cheng3@hopper: ~/H7cheng3@hopper:~/H7$ git commit -m "Add my name in HelloWorld.cc"[K[K[K[K[K[K[K[K[K[K[K[K[K[K[K[K[K[K[K[K[K[K[K[K[K[K[K[K[K[K[K[K[K[K[K[K[K[K[K[K[K[K[K[Kgit status
On branch personalize
Changes to be committed:
  (use "git reset HEAD <file>..." to unstage)

	[32mmodified:   HelloWorld.cc[m

Untracked files:
  (use "git add <file>..." to include in what will be committed)

	[31mHello[m
	[31ma.out[m

]0;cheng3@hopper: ~/H7cheng3@hopper:~/H7$ git commit -m "Add my name[K[K[K[K[K[K[Ka lin[K[K[K[K[Kmy name i[Kin HelloWlrd[K[K[Korld.cc"
[personalize 744c003] Add my name in HelloWorld.cc
 1 file changed, 2 insertions(+)
]0;cheng3@hopper: ~/H7cheng3@hopper:~/H7$ [K]0;cheng3@hopper: ~/H7cheng3@hopper:~/H7$ git commit -m "Add my name in HelloWorld.cc"[C[C[C[C[C[C[C[C[C[C[C[C[C[C[C[C[C[C[C[C[Kmake
g++ HelloWorld.cc -o Hello
]0;cheng3@hopper: ~/H7cheng3@hopper:~/H7$ Hello
Hello World
George Chen
]0;cheng3@hopper: ~/H7cheng3@hopper:~/H7$ git branch
[?1h=  master[m[m
* [32mpersonalize[m[m
[K[?1l>]0;cheng3@hopper: ~/H7cheng3@hopper:~/H7$ git checkout master
Switched to branch 'master'
]0;cheng3@hopper: ~/H7cheng3@hopper:~/H7$ clear
[3J[H[2J]0;cheng3@hopper: ~/H7cheng3@hopper:~/H7$ ls -l
total 28
-rwxr-xr-x 1 cheng3 Domain Users 8928 Oct 13 23:20 [0m[01;32ma.out[0m
-rwxr-xr-x 1 cheng3 Domain Users 8928 Oct 13 23:29 [01;32mHello[0m
-rw-r--r-- 1 cheng3 Domain Users  103 Oct 13 23:31 HelloWorld.cc
]0;cheng3@hopper: ~/H7cheng3@hopper:~/H7$ git branch
[?1h=* [32mmaster[m[m
  personalize[m[m
[K[?1l>]0;cheng3@hopper: ~/H7cheng3@hopper:~/H7$ cat HelloWorld.cc
#include <iostream>

using namespace std;


int main(){

	cout << "Hello World" << endl;

	return 0;
}
]0;cheng3@hopper: ~/H7cheng3@hopper:~/H7$ git merge personalize
Updating e364843..744c003
Fast-forward
 HelloWorld.cc | 2 [32m++[m
 Makefile      | 5 [32m+++++[m
 2 files changed, 7 insertions(+)
 create mode 100644 Makefile
]0;cheng3@hopper: ~/H7cheng3@hopper:~/H7$ clear
[3J[H[2J]0;cheng3@hopper: ~/H7cheng3@hopper:~/H7$ ls -l
total 32
-rwxr-xr-x 1 cheng3 Domain Users 8928 Oct 13 23:20 [0m[01;32ma.out[0m
-rwxr-xr-x 1 cheng3 Domain Users 8928 Oct 13 23:29 [01;32mHello[0m
-rw-r--r-- 1 cheng3 Domain Users  136 Oct 13 23:32 HelloWorld.cc
-rw-r--r-- 1 cheng3 Domain Users   60 Oct 13 23:32 Makefile
]0;cheng3@hopper: ~/H7cheng3@hopper:~/H7$ vi HelloWorld.cc
[?2004h[?1049h[22;0;0t[?1h=[?2004h[1;44r[?12h[?12l[27m[23m[29m[m[H[2J[?25l[44;1H"HelloWorld.cc" 13L, 136C[2;1H▽[6n[2;1H  [1;1H[>c]10;?]11;?[1;1H[35m#include [m[31m<iostream>[m

[33musing[m [32mnamespace[m std;


[32mint[m main(){[8;9Hcout << [31m"Hello World"[m << endl;[10;9Hcout << [31m"George Chen"[m << endl;[12;9H[33mreturn[m [31m0[m;
}
[1m[34m~                                                                                                                                                                       [15;1H~                                                                                                                                                                       [16;1H~                                                                                                                                                                       [17;1H~                                                                                                                                                                       [18;1H~                                                                                                                                                                       [19;1H~                                                                                                                                                                       [20;1H~                                                                                                                                                                       [21;1H~                                                                                                                                                                       [22;1H~                                                                                                                                                                       [23;1H~                                                                                                                                                                       [24;1H~                                                                                                                                                                       [25;1H~                                                                                                                                                                       [26;1H~                                                                                                                                                                       [27;1H~                                                                                                                                                                       [28;1H~                                                                                                                                                                       [29;1H~                                                                                                                                                                       [30;1H~                                                                                                                                                                       [31;1H~                                                                                                                                                                       [32;1H~                                                                                                                                                                       [33;1H~                                                                                                                                                                       [34;1H~                                                                                                                                                                       [35;1H~                                                                                                                                                                       [36;1H~                                                                                                                                                                       [37;1H~                                                                                                                                                                       [38;1H~                                                                                                                                                                       [39;1H~                                                                                                                                                                       [40;1H~                                                                                                                                                                       [41;1H~                                                                                                                                                                       [42;1H~                                                                                                                                                                       [43;1H~                                                                                                                                                                       [m[44;151H10,31-38      All[10;38H[?25h[?25l[44;141Hi[10;38H[44;141H [10;38H[44;1H[1m-- INSERT --[m[44;13H[K[44;151H10,31-38      All[10;38H[?25h[?25l[44;155H2-39[10;39H[?25h[?25l[11;43r[11;1H[L[1;44r[44;151H[K[44;151H11,2-9[8CAll[11;9H[?25h[?25l[12;43r[12;1H[L[1;44r[44;151H[K[44;151H12,2-9[8CAll[12;9H[?25h[?25lc[44;154H3-10[12;10H[?25h[?25lo[44;154H4-11[12;11H[?25h[?25lu[44;154H5-12[12;12H[?25h[?25lt[44;154H6-13[12;13H[?25h[?25l[44;154H7-14[12;14H[?25h[?25l<[44;154H8-15[12;15H[?25h[?25l<[44;154H9-16[12;16H[?25h[?25l[44;154H10-17[12;17H[?25h[?25l[31m"[m[44;155H1-18[12;18H[?25h[?25l[31mU[m[44;155H2-19[12;19H[?25h[?25l[31mn[m[44;155H3-20[12;20H[?25h[?25l[31mi[m[44;155H4-21[12;21H[?25h[?25l[31mv[m[44;155H5-22[12;22H[?25h[?25l[31me[m[44;155H6-23[12;23H[?25h[?25l[31mr[m[44;155H7-24[12;24H[?25h[?25l[31ms[m[44;155H8-25[12;25H[?25h[?25l[31mi[m[44;155H9-26[12;26H[?25h[?25l[31mt[m[44;154H20-27[12;27H[?25h[?25l[31my[m[44;155H1-28[12;28H[?25h[?25l[31m [m[44;155H2-29[12;29H[?25h[?25l[12;28H[K[44;155H1-28[12;28H[?25h[?25l[12;27H[K[44;155H0-27[12;27H[?25h[?25l[12;20H[K[44;154H13-20[12;20H[?25h[?25l[12;19H[K[44;155H2-19[12;19H[?25h[?25l[12;18H[K[44;155H1-18[12;18H[?25h[?25l[31mW[m[44;155H2-19[12;19H[?25h[?25l[31mi[m[44;155H3-20[12;20H[?25h[?25l[31mn[m[44;155H4-21[12;21H[?25h[?25l[31mt[m[44;155H5-22[12;22H[?25h[?25l[31mh[m[44;155H6-23[12;23H[?25h[?25l[31mr[m[44;155H7-24[12;24H[?25h[?25l[31mo[m[44;155H8-25[12;25H[?25h[?25l[31mp[m[44;155H9-26[12;26H[?25h[?25l[31m [m[44;154H20-27[12;27H[?25h[?25l[31mU[m[44;155H1-28[12;28H[?25h[?25l[31mn[m[44;155H2-29[12;29H[?25h[?25l[31mi[m[44;155H3-30[12;30H[?25h[?25l[31mv[m[44;155H4-31[12;31H[?25h[?25l[31me[m[44;155H5-32[12;32H[?25h[?25l[31mrsi[m[44;155H8-35[12;35H[?25h[?25l[31mt[m[44;155H9-36[12;36H[?25h[?25l[31my[m[44;154H30-37[12;37H[?25h[?25l[31m"[m[44;155H1-38[12;38H[?25h[?25l[44;155H2-39[12;39H[?25h[?25l<[44;155H3-40[12;40H[?25h[?25l<[44;155H4-41[12;41H[?25h[?25l[44;155H5-42[12;42H[?25h[?25le[44;155H6-43[12;43H[?25h[?25ln[44;155H7-44[12;44H[?25h[?25ld[44;155H8-45[12;45H[?25h[?25ll[44;155H9-46[12;46H[?25h[?25l;[44;154H40-47[12;47H[?25h[44;1H[K[12;46H[?25l[44;141H^[[12;46H[44;141H  [12;47H[44;151H12,39-46      All[12;46H[?25h[?25l[44;141H:[12;46H[44;141H[K[44;1H:[?2004h[?25hw[?25l[?25hq[?25l[?25h[?25l[?2004l"HelloWorld.cc" 15L, 177C written
[?2004l[?1l>[?25h[?1049l[23;0;0t]0;cheng3@hopper: ~/H7cheng3@hopper:~/H7$ make
g++ HelloWorld.cc -o Hello
]0;cheng3@hopper: ~/H7cheng3@hopper:~/H7$ Hello
Hello World
George Chen
Winthrop University
]0;cheng3@hopper: ~/H7cheng3@hopper:~/H7$ git status
On branch master
Changes not staged for commit:
  (use "git add <file>..." to update what will be committed)
  (use "git checkout -- <file>..." to discard changes in working directory)

	[31mmodified:   HelloWorld.cc[m

Untracked files:
  (use "git add <file>..." to include in what will be committed)

	[31mHello[m
	[31ma.out[m

no changes added to commit (use "git add" and/or "git commit -a")
]0;cheng3@hopper: ~/H7cheng3@hopper:~/H7$ git add HelloWorld.cc
]0;cheng3@hopper: ~/H7cheng3@hopper:~/H7$ git status
On branch master
Changes to be committed:
  (use "git reset HEAD <file>..." to unstage)

	[32mmodified:   HelloWorld.cc[m

Untracked files:
  (use "git add <file>..." to include in what will be committed)

	[31mHello[m
	[31ma.out[m

]0;cheng3@hopper: ~/H7cheng3@hopper:~/H7$ git commit -m "Add a line Unive[K[K[K[K[KWinthrop Univeris[K[K[Krsity"
[master dc4ae81] Add a line Winthrop University
 1 file changed, 2 insertions(+)
]0;cheng3@hopper: ~/H7cheng3@hopper:~/H7$ clear
[3J[H[2J]0;cheng3@hopper: ~/H7cheng3@hopper:~/H7$ git log
[?1h=[33mcommit dc4ae814d762308f790ba52192a4fd0273c4e638[m[33m ([m[1;36mHEAD -> [m[1;32mmaster[m[33m)[m[m
Author: GeorgeChen0306 <georgechen0306@gmail.com>[m
Date:   Wed Oct 13 23:33:43 2021 -0400[m
[m
    Add a line Winthrop University[m
[m
[33mcommit 744c0035f3d17bbf5a23a6296e282a5c1da99dda[m[33m ([m[1;32mpersonalize[m[33m)[m[m
Author: GeorgeChen0306 <georgechen0306@gmail.com>[m
Date:   Wed Oct 13 23:28:52 2021 -0400[m
[m
    Add my name in HelloWorld.cc[m
[m
[33mcommit be64532757809b071bef6efabc4c134ebe712933[m[m
Author: GeorgeChen0306 <georgechen0306@gmail.com>[m
Date:   Wed Oct 13 23:26:07 2021 -0400[m
[m
    Add a Makefile[m
[m
[33mcommit e364843ed8d3e8420d4ce5e512265a4da6ee6c1a[m[m
Author: GeorgeChen0306 <georgechen0306@gmail.com>[m
Date:   Wed Oct 13 23:22:47 2021 -0400[m
[m
    Create HelloWorld.cc[m
[K[?1l>]0;cheng3@hopper: ~/H7cheng3@hopper:~/H7$ git reset HEAD^
Unstaged changes after reset:
M	HelloWorld.cc
]0;cheng3@hopper: ~/H7cheng3@hopper:~/H7$ git checkout HelloWorld.cc
]0;cheng3@hopper: ~/H7cheng3@hopper:~/H7$ git log
[?1h=[33mcommit 744c0035f3d17bbf5a23a6296e282a5c1da99dda[m[33m ([m[1;36mHEAD -> [m[1;32mmaster[m[33m, [m[1;32mpersonalize[m[33m)[m[m
Author: GeorgeChen0306 <georgechen0306@gmail.com>[m
Date:   Wed Oct 13 23:28:52 2021 -0400[m
[m
    Add my name in HelloWorld.cc[m
[m
[33mcommit be64532757809b071bef6efabc4c134ebe712933[m[m
Author: GeorgeChen0306 <georgechen0306@gmail.com>[m
Date:   Wed Oct 13 23:26:07 2021 -0400[m
[m
    Add a Makefile[m
[m
[33mcommit e364843ed8d3e8420d4ce5e512265a4da6ee6c1a[m[m
Author: GeorgeChen0306 <georgechen0306@gmail.com>[m
Date:   Wed Oct 13 23:22:47 2021 -0400[m
[m
    Create HelloWorld.cc[m
[K[?1l>]0;cheng3@hopper: ~/H7cheng3@hopper:~/H7$ clear
[3J[H[2J]0;cheng3@hopper: ~/H7cheng3@hopper:~/H7$ ls --l[K[Kl
total 32
-rwxr-xr-x 1 cheng3 Domain Users 8928 Oct 13 23:20 [0m[01;32ma.out[0m
-rwxr-xr-x 1 cheng3 Domain Users 8928 Oct 13 23:32 [01;32mHello[0m
-rw-r--r-- 1 cheng3 Domain Users  136 Oct 13 23:34 HelloWorld.cc
-rw-r--r-- 1 cheng3 Domain Users   60 Oct 13 23:32 Makefile
]0;cheng3@hopper: ~/H7cheng3@hopper:~/H7$ make
g++ HelloWorld.cc -o Hello
]0;cheng3@hopper: ~/H7cheng3@hopper:~/H7$ HelloWorld[K[K[K[K[K[K[K[K[K[KHello
Hello World
George Chen
]0;cheng3@hopper: ~/H7cheng3@hopper:~/H7$ exit
exit

Script done on 2021-10-13 23:35:18-0400
